
Time: 20/1/2026, 11:10:57 am
OS: win32
CPU: 12th Gen Intel(R) Core(TM) i5-12450H
Total Memory: 16088.49 MB
Free Memory: 5230.96 MB
Uptime: 39.89 minutes
--------------------------------------

Time: 20/1/2026, 11:11:02 am
OS: win32
CPU: 12th Gen Intel(R) Core(TM) i5-12450H
Total Memory: 16088.49 MB
Free Memory: 5178.73 MB
Uptime: 39.97 minutes
--------------------------------------

Time: 20/1/2026, 11:11:07 am
OS: win32
CPU: 12th Gen Intel(R) Core(TM) i5-12450H
Total Memory: 16088.49 MB
Free Memory: 5198.69 MB
Uptime: 40.05 minutes
--------------------------------------

Time: 20/1/2026, 11:11:12 am
OS: win32
CPU: 12th Gen Intel(R) Core(TM) i5-12450H
Total Memory: 16088.49 MB
Free Memory: 5132.68 MB
Uptime: 40.14 minutes
--------------------------------------

Time: 20/1/2026, 11:11:17 am
OS: win32
CPU: 12th Gen Intel(R) Core(TM) i5-12450H
Total Memory: 16088.49 MB
Free Memory: 5064.50 MB
Uptime: 40.22 minutes
--------------------------------------
